###############################################################################
#                                                                             #
# IAR ELF Linker V6.40.4.54170/W32 for ARM              17/Oct/2012  21:35:44 #
# Copyright 2007-2012 IAR Systems AB.                                         #
#                                                                             #
#    Output file  =  D:\Development\STM32F0_Projects\Project\USART_Example\EW #
#                    ARM\STM320518-EVAL\Exe\STM32F0508-EVAL.out               #
#    Map file     =  D:\Development\STM32F0_Projects\Project\USART_Example\EW #
#                    ARM\STM320518-EVAL\List\STM32F0508-EVAL.map              #
#    Command line =  D:\Development\STM32F0_Projects\Project\USART_Example\EW #
#                    ARM\STM320518-EVAL\Obj\main.o                            #
#                    D:\Development\STM32F0_Projects\Project\USART_Example\EW #
#                    ARM\STM320518-EVAL\Obj\startup_stm32f0xx.o               #
#                    D:\Development\STM32F0_Projects\Project\USART_Example\EW #
#                    ARM\STM320518-EVAL\Obj\stm32f0xx_adc.o                   #
#                    D:\Development\STM32F0_Projects\Project\USART_Example\EW #
#                    ARM\STM320518-EVAL\Obj\stm32f0xx_cec.o                   #
#                    D:\Development\STM32F0_Projects\Project\USART_Example\EW #
#                    ARM\STM320518-EVAL\Obj\stm32f0xx_comp.o                  #
#                    D:\Development\STM32F0_Projects\Project\USART_Example\EW #
#                    ARM\STM320518-EVAL\Obj\stm32f0xx_crc.o                   #
#                    D:\Development\STM32F0_Projects\Project\USART_Example\EW #
#                    ARM\STM320518-EVAL\Obj\stm32f0xx_dac.o                   #
#                    D:\Development\STM32F0_Projects\Project\USART_Example\EW #
#                    ARM\STM320518-EVAL\Obj\stm32f0xx_dbgmcu.o                #
#                    D:\Development\STM32F0_Projects\Project\USART_Example\EW #
#                    ARM\STM320518-EVAL\Obj\stm32f0xx_dma.o                   #
#                    D:\Development\STM32F0_Projects\Project\USART_Example\EW #
#                    ARM\STM320518-EVAL\Obj\stm32f0xx_exti.o                  #
#                    D:\Development\STM32F0_Projects\Project\USART_Example\EW #
#                    ARM\STM320518-EVAL\Obj\stm32f0xx_flash.o                 #
#                    D:\Development\STM32F0_Projects\Project\USART_Example\EW #
#                    ARM\STM320518-EVAL\Obj\stm32f0xx_gpio.o                  #
#                    D:\Development\STM32F0_Projects\Project\USART_Example\EW #
#                    ARM\STM320518-EVAL\Obj\stm32f0xx_i2c.o                   #
#                    D:\Development\STM32F0_Projects\Project\USART_Example\EW #
#                    ARM\STM320518-EVAL\Obj\stm32f0xx_it.o                    #
#                    D:\Development\STM32F0_Projects\Project\USART_Example\EW #
#                    ARM\STM320518-EVAL\Obj\stm32f0xx_iwdg.o                  #
#                    D:\Development\STM32F0_Projects\Project\USART_Example\EW #
#                    ARM\STM320518-EVAL\Obj\stm32f0xx_misc.o                  #
#                    D:\Development\STM32F0_Projects\Project\USART_Example\EW #
#                    ARM\STM320518-EVAL\Obj\stm32f0xx_pwr.o                   #
#                    D:\Development\STM32F0_Projects\Project\USART_Example\EW #
#                    ARM\STM320518-EVAL\Obj\stm32f0xx_rcc.o                   #
#                    D:\Development\STM32F0_Projects\Project\USART_Example\EW #
#                    ARM\STM320518-EVAL\Obj\stm32f0xx_rtc.o                   #
#                    D:\Development\STM32F0_Projects\Project\USART_Example\EW #
#                    ARM\STM320518-EVAL\Obj\stm32f0xx_spi.o                   #
#                    D:\Development\STM32F0_Projects\Project\USART_Example\EW #
#                    ARM\STM320518-EVAL\Obj\stm32f0xx_syscfg.o                #
#                    D:\Development\STM32F0_Projects\Project\USART_Example\EW #
#                    ARM\STM320518-EVAL\Obj\stm32f0xx_tim.o                   #
#                    D:\Development\STM32F0_Projects\Project\USART_Example\EW #
#                    ARM\STM320518-EVAL\Obj\stm32f0xx_usart.o                 #
#                    D:\Development\STM32F0_Projects\Project\USART_Example\EW #
#                    ARM\STM320518-EVAL\Obj\stm32f0xx_wwdg.o                  #
#                    D:\Development\STM32F0_Projects\Project\USART_Example\EW #
#                    ARM\STM320518-EVAL\Obj\system_stm32f0xx.o --redirect     #
#                    _Printf=_PrintfFull --redirect _Scanf=_ScanfFull -o      #
#                    D:\Development\STM32F0_Projects\Project\USART_Example\EW #
#                    ARM\STM320518-EVAL\Exe\STM32F0508-EVAL.out --map         #
#                    D:\Development\STM32F0_Projects\Project\USART_Example\EW #
#                    ARM\STM320518-EVAL\List\STM32F0508-EVAL.map --config     #
#                    D:\Development\STM32F0_Projects\Project\USART_Example\EW #
#                    ARM\stm32f0xx_flash.icf --semihosting --entry            #
#                    __iar_program_start --vfe                                #
#                                                                             #
#                                                                             #
###############################################################################

*******************************************************************************
*** RUNTIME MODEL ATTRIBUTES
***

CppFlavor                     = *
__Heap_Handler                = Basic
__SystemLibrary               = DLib
__dlib_dynamic_initialization = normal


*******************************************************************************
*** PLACEMENT SUMMARY
***

"A1":  place at 0x08000000 { ro section .intvec };
"P1":  place in [from 0x08000000 to 0x0800ffff] { ro };
"P2":  place in [from 0x20000000 to 0x20001fff] { rw, block CSTACK, block HEAP };

  Section             Kind        Address    Size  Object
  -------             ----        -------    ----  ------
"A1":                                        0xc0
  .intvec             ro code  0x08000000    0xc0  startup_stm32f0xx.o [1]
                             - 0x080000c0    0xc0

"P1":                                      0x24fc
  .text               ro code  0x080000c0  0x1172  xprintffull.o [3]
  .text               ro code  0x08001232    0x1c  xmbtowc.o [3]
  .text               ro code  0x0800124e    0x14  strchr.o [5]
  .text               ro code  0x08001262    0x10  strlen.o [5]
  .text               ro code  0x08001272    0x18  memchr.o [5]
  .text               ro code  0x0800128a     0xa  xmbcurmax.o [3]
  .text               ro code  0x08001294    0xb8  xxmemxmalloc.o [3]
  .text               ro code  0x0800134c    0x18  xwctomb.o [3]
  .text               ro code  0x08001364    0x5c  ABImemcpy.o [5]
  .text               ro code  0x080013c0    0x88  xxmemxfree.o [3]
  .text               ro code  0x08001448    0x6a  I64DivMod.o [5]
  .text               ro code  0x080014b2    0x2a  zero_init3.o [5]
  .text               ro code  0x080014dc    0x48  xdnorm.o [4]
  .text               ro code  0x08001524    0x32  DblCmpLe.o [4]
  .text               ro code  0x08001556    0x32  DblCmpGe.o [4]
  .text               ro code  0x08001588   0x11c  xdscale.o [4]
  .text               ro code  0x080016a4    0x52  DblToI32.o [4]
  .text               ro code  0x080016f6     0xa  stm32f0xx_it.o [1]
  .text               ro code  0x08001700    0x34  I32ToDbl.o [4]
  .text               ro code  0x08001734   0x1a8  DblAddSub.o [4]
  .text               ro code  0x080018dc    0x56  I32DivMod.o [5]
  .text               ro code  0x08001932   0x184  DblMul.o [4]
  .text               ro code  0x08001ab6    0xc2  DblDiv.o [4]
  .text               ro code  0x08001b78    0x68  localeconv.o [3]
  .text               ro code  0x08001be0    0x20  div.o [3]
  .text               ro code  0x08001c00    0x14  setlocale.o [3]
  .text               ro code  0x08001c14    0x50  xencoding_sb.o [3]
  .text               ro code  0x08001c64    0x28  xgetmemchunk.o [3]
  .text               ro code  0x08001c8c     0x2  I64DivZer.o [5]
  .text               ro code  0x08001c8e     0x2  startup_stm32f0xx.o [1]
  .text               ro code  0x08001c90     0x2  IntDivZer.o [5]
  .text               ro code  0x08001c92     0x2  xtls.o [3]
  .text               ro code  0x08001c94   0x1b0  stm32f0xx_rcc.o [1]
  .text               ro code  0x08001e44   0x15c  system_stm32f0xx.o [1]
  .text               ro code  0x08001fa0   0x12e  stm32f0xx_gpio.o [1]
  .text               ro code  0x080020ce     0x2  startup_stm32f0xx.o [1]
  .text               ro code  0x080020d0   0x12c  stm32f0xx_usart.o [1]
  .text               ro code  0x080021fc   0x11c  main.o [1]
  .text               ro code  0x08002318    0x24  printf.o [3]
  .rodata             const    0x0800233c    0x50  main.o [1]
  .rodata             const    0x0800238c    0x34  main.o [1]
  .text               ro code  0x080023c0    0x30  copy_init3.o [5]
  .rodata             const    0x080023f0    0x28  xprintffull.o [3]
  .text               ro code  0x08002418    0x28  data_init3.o [5]
  .iar.init_table     const    0x08002440    0x24  - Linker created -
  .text               ro code  0x08002464    0x16  cmain.o [5]
  .text               ro code  0x0800247a     0x4  low_level_init.o [3]
  .text               ro code  0x0800247e     0x8  exit.o [3]
  .text               ro code  0x08002486     0x2  startup_stm32f0xx.o [1]
  .text               ro code  0x08002488     0xa  cexit.o [5]
  .text               ro code  0x08002492     0x2  startup_stm32f0xx.o [1]
  .text               ro code  0x08002494    0x14  exit.o [6]
  .text               ro code  0x080024a8    0x16  xprout.o [3]
  .text               ro code  0x080024be     0x2  startup_stm32f0xx.o [1]
  .text               ro code  0x080024c0    0x10  putchar.o [3]
  .text               ro code  0x080024d0    0x10  startup_stm32f0xx.o [1]
  .text               ro code  0x080024e0     0xc  cstartup_M.o [5]
  .text               ro code  0x080024ec     0x2  startup_stm32f0xx.o [1]
  .text               ro code  0x080024ee     0x2  startup_stm32f0xx.o [1]
  .text               ro code  0x080024f0     0x2  startup_stm32f0xx.o [1]
  .text               ro code  0x080024f2     0x2  startup_stm32f0xx.o [1]
  .text               ro code  0x080024f4     0x2  startup_stm32f0xx.o [1]
  .text               ro code  0x080024f6     0x2  startup_stm32f0xx.o [1]
  .text               ro code  0x080024f8     0x2  startup_stm32f0xx.o [1]
  .text               ro code  0x080024fa     0x2  startup_stm32f0xx.o [1]
  .text               ro code  0x080024fc     0x2  startup_stm32f0xx.o [1]
  .text               ro code  0x080024fe     0x2  startup_stm32f0xx.o [1]
  .text               ro code  0x08002500     0x2  startup_stm32f0xx.o [1]
  .text               ro code  0x08002502     0x2  startup_stm32f0xx.o [1]
  .text               ro code  0x08002504     0x2  startup_stm32f0xx.o [1]
  .text               ro code  0x08002506     0x2  startup_stm32f0xx.o [1]
  .text               ro code  0x08002508     0x2  startup_stm32f0xx.o [1]
  .text               ro code  0x0800250a     0x2  startup_stm32f0xx.o [1]
  .text               ro code  0x0800250c     0x2  startup_stm32f0xx.o [1]
  .text               ro code  0x0800250e     0x2  startup_stm32f0xx.o [1]
  .text               ro code  0x08002510     0x2  startup_stm32f0xx.o [1]
  .text               ro code  0x08002512     0x2  startup_stm32f0xx.o [1]
  .text               ro code  0x08002514     0x2  startup_stm32f0xx.o [1]
  .text               ro code  0x08002516     0x2  startup_stm32f0xx.o [1]
  .text               ro code  0x08002518     0x2  startup_stm32f0xx.o [1]
  .text               ro code  0x0800251a     0x2  startup_stm32f0xx.o [1]
  .rodata             const    0x0800251c     0x0  zero_init3.o [5]
  .rodata             const    0x0800251c     0x0  copy_init3.o [5]
  Initializer bytes   ro data  0x0800251c    0xa0  <for P2 s0>
                             - 0x080025bc  0x24fc

"P2", part 1 of 3:                           0xa0
  P2 s0                        0x20000000    0xa0  <Init block>
    __DLIB_PERTHREAD  inited   0x20000000    0x50  localeconv.o [3]
    .data             inited   0x20000050    0x40  xfiles.o [3]
    .data             inited   0x20000090    0x10  stm32f0xx_rcc.o [1]
                             - 0x200000a0    0xa0

"P2", part 2 of 3:                           0xf0
  __DLIB_PERTHREAD    zero     0x200000a0    0x74  setlocale.o [3]
  .bss                zero     0x20000114    0x50  xfiles.o [3]
  .bss                zero     0x20000164    0x18  main.o [1]
  .bss                zero     0x2000017c     0x8  main.o [1]
  .bss                zero     0x20000184     0x8  xxmemxmalloc.o [3]
  .bss                zero     0x2000018c     0x4  xgetmemchunk.o [3]
                             - 0x20000190    0xf0

"P2", part 3 of 3:                          0x600
  CSTACK                       0x20000190   0x400  <Block>
    CSTACK            uninit   0x20000190   0x400  <Block tail>
  HEAP                         0x20000590   0x200  <Block>
    HEAP              uninit   0x20000590   0x200  <Block tail>
                             - 0x20000790   0x600


*******************************************************************************
*** INIT TABLE
***

          Address     Size
          -------     ----
Zero (__iar_zero_init3)
    1 destination range, total size 0xf0:
          0x200000a0  0xf0

Copy (__iar_copy_init3)
    1 source range, total size 0xa0:
          0x0800251c  0xa0
    1 destination range, total size 0xa0:
          0x20000000  0xa0



*******************************************************************************
*** MODULE SUMMARY
***

    Module               ro code  ro data  rw data
    ------               -------  -------  -------
D:\Development\STM32F0_Projects\Project\USART_Example\EWARM\STM320518-EVAL\Obj: [1]
    main.o                   284      132       32
    startup_stm32f0xx.o      266
    stm32f0xx_gpio.o         302
    stm32f0xx_it.o            10
    stm32f0xx_rcc.o          432       16       16
    stm32f0xx_usart.o        300
    system_stm32f0xx.o       348
    ----------------------------------------------
    Total:                 1 942      148       48

command line: [2]
    ----------------------------------------------
    Total:

dl6M_tlf.a: [3]
    div.o                     32
    exit.o                     8
    localeconv.o             104       80       80
    low_level_init.o           4
    printf.o                  36
    putchar.o                 16
    setlocale.o               20               116
    xencoding_sb.o            80
    xfiles.o                           64      144
    xgetmemchunk.o            40                 4
    xmbcurmax.o               10
    xmbtowc.o                 28
    xprintffull.o          4 466       40
    xprout.o                  22
    xtls.o                     2
    xwctomb.o                 24
    xxmemxfree.o             136
    xxmemxmalloc.o           184                 8
    ----------------------------------------------
    Total:                 5 212      184      352

m6M_tl.a: [4]
    DblAddSub.o              424
    DblCmpGe.o                50
    DblCmpLe.o                50
    DblDiv.o                 194
    DblMul.o                 388
    DblToI32.o                82
    I32ToDbl.o                52
    xdnorm.o                  72
    xdscale.o                284
    ----------------------------------------------
    Total:                 1 596

rt6M_tl.a: [5]
    ABImemcpy.o               92
    I32DivMod.o               86
    I64DivMod.o              106
    I64DivZer.o                2
    IntDivZer.o                2
    cexit.o                   10
    cmain.o                   22
    copy_init3.o              48
    cstartup_M.o              12
    data_init3.o              40
    memchr.o                  24
    strchr.o                  20
    strlen.o                  16
    zero_init3.o              42
    ----------------------------------------------
    Total:                   522

shb_l.a: [6]
    exit.o                    20
    ----------------------------------------------
    Total:                    20

    Linker created                     36    1 536
--------------------------------------------------
    Grand Total:           9 292      368    1 936


*******************************************************************************
*** ENTRY LIST
***

Entry                      Address   Size  Type      Object
-----                      -------   ----  ----      ------
?main                   0x08002465         Code  Gb  cmain.o [5]
ADC1_COMP_IRQHandler    0x080024fb         Code  Wk  startup_stm32f0xx.o [1]
APBAHBPrescTable        0x20000090   0x10  Data  Lc  stm32f0xx_rcc.o [1]
CEC_IRQHandler          0x0800251b         Code  Wk  startup_stm32f0xx.o [1]
CSTACK$$Base            0x20000190          --   Gb  - Linker created -
CSTACK$$Limit           0x20000590          --   Gb  - Linker created -
DMA1_Channel1_IRQHandler
                        0x080024f5         Code  Wk  startup_stm32f0xx.o [1]
DMA1_Channel2_3_IRQHandler
                        0x080024f7         Code  Wk  startup_stm32f0xx.o [1]
DMA1_Channel4_5_IRQHandler
                        0x080024f9         Code  Wk  startup_stm32f0xx.o [1]
EXTI0_1_IRQHandler      0x080024ed         Code  Wk  startup_stm32f0xx.o [1]
EXTI2_3_IRQHandler      0x080024ef         Code  Wk  startup_stm32f0xx.o [1]
EXTI4_15_IRQHandler     0x080024f1         Code  Wk  startup_stm32f0xx.o [1]
FLASH_IRQHandler        0x08002493         Code  Wk  startup_stm32f0xx.o [1]
GPIO_Init               0x08001fa1   0xbe  Code  Gb  stm32f0xx_gpio.o [1]
GPIO_InitStructure      0x2000017c    0x8  Data  Gb  main.o [1]
GPIO_PinAFConfig        0x0800205f   0x70  Code  Gb  stm32f0xx_gpio.o [1]
HEAP$$Base              0x20000590          --   Gb  - Linker created -
HEAP$$Limit             0x20000790          --   Gb  - Linker created -
HardFault_Handler       0x080016f9    0x2  Code  Gb  stm32f0xx_it.o [1]
I2C1_IRQHandler         0x0800250f         Code  Wk  startup_stm32f0xx.o [1]
I2C2_IRQHandler         0x08002511         Code  Wk  startup_stm32f0xx.o [1]
NMI_Handler             0x080016f7    0x2  Code  Gb  stm32f0xx_it.o [1]
PVD_IRQHandler          0x080020cf         Code  Wk  startup_stm32f0xx.o [1]
PendSV_Handler          0x080016fd    0x2  Code  Gb  stm32f0xx_it.o [1]
RCC_AHBPeriphClockCmd   0x08001ddb   0x20  Code  Gb  stm32f0xx_rcc.o [1]
RCC_APB2PeriphClockCmd  0x08001dfb   0x20  Code  Gb  stm32f0xx_rcc.o [1]
RCC_GetClocksFreq       0x08001c95  0x146  Code  Gb  stm32f0xx_rcc.o [1]
RCC_IRQHandler          0x080024bf         Code  Wk  startup_stm32f0xx.o [1]
RTC_IRQHandler          0x08002487         Code  Wk  startup_stm32f0xx.o [1]
Region$$Table$$Base     0x08002440          --   Gb  - Linker created -
Region$$Table$$Limit    0x08002464          --   Gb  - Linker created -
Reset_Handler           0x080024d1         Code  Wk  startup_stm32f0xx.o [1]
SPI1_IRQHandler         0x08002513         Code  Wk  startup_stm32f0xx.o [1]
SPI2_IRQHandler         0x08002515         Code  Wk  startup_stm32f0xx.o [1]
SVC_Handler             0x080016fb    0x2  Code  Gb  stm32f0xx_it.o [1]
SetSysClock             0x08001eb3   0xbe  Code  Lc  system_stm32f0xx.o [1]
SysTick_Handler         0x080016ff    0x2  Code  Gb  stm32f0xx_it.o [1]
SystemInit              0x08001e45   0x6e  Code  Gb  system_stm32f0xx.o [1]
TIM14_IRQHandler        0x08002507         Code  Wk  startup_stm32f0xx.o [1]
TIM15_IRQHandler        0x08002509         Code  Wk  startup_stm32f0xx.o [1]
TIM16_IRQHandler        0x0800250b         Code  Wk  startup_stm32f0xx.o [1]
TIM17_IRQHandler        0x0800250d         Code  Wk  startup_stm32f0xx.o [1]
TIM1_BRK_UP_TRG_COM_IRQHandler
                        0x080024fd         Code  Wk  startup_stm32f0xx.o [1]
TIM1_CC_IRQHandler      0x080024ff         Code  Wk  startup_stm32f0xx.o [1]
TIM2_IRQHandler         0x08002501         Code  Wk  startup_stm32f0xx.o [1]
TIM3_IRQHandler         0x08002503         Code  Wk  startup_stm32f0xx.o [1]
TIM6_DAC_IRQHandler     0x08002505         Code  Wk  startup_stm32f0xx.o [1]
TS_IRQHandler           0x080024f3         Code  Wk  startup_stm32f0xx.o [1]
USART1_IRQHandler       0x08002517         Code  Wk  startup_stm32f0xx.o [1]
USART2_IRQHandler       0x08002519         Code  Wk  startup_stm32f0xx.o [1]
USART_Cmd               0x0800219f   0x1c  Code  Gb  stm32f0xx_usart.o [1]
USART_GetFlagStatus     0x080021e1   0x1c  Code  Gb  stm32f0xx_usart.o [1]
USART_Init              0x080020d1   0xce  Code  Gb  stm32f0xx_usart.o [1]
USART_InitStructure     0x20000164   0x18  Data  Gb  main.o [1]
USART_ReceiveData       0x080021c9    0x8  Code  Gb  stm32f0xx_usart.o [1]
USART_SendData          0x080021c1    0x8  Code  Gb  stm32f0xx_usart.o [1]
WWDG_IRQHandler         0x08001c8f         Code  Wk  startup_stm32f0xx.o [1]
_EncodingSb_Mbtowc      0x08001c29   0x2c  Code  Gb  xencoding_sb.o [3]
_EncodingSb_Wctomb      0x08001c15   0x14  Code  Gb  xencoding_sb.o [3]
_GenldFull              0x08000f89  0x276  Code  Lc  xprintffull.o [3]
_IsdstStr               0x200000a4    0x4  Data  Gb  setlocale.o [3]
_LdtobFull              0x08000ad9  0x49a  Code  Lc  xprintffull.o [3]
_LitobFull              0x080009b1  0x124  Code  Lc  xprintffull.o [3]
_LocaleEncoding         0x08001c01    0xe  Code  Gb  setlocale.o [3]
_LocaleReturnString     0x200000c4   0x50  Data  Lc  setlocale.o [3]
_Locale_Profile         0x200000a8   0x1c  Data  Gb  setlocale.o [3]
_Locale_lconv           0x20000000   0x50  Data  Gb  localeconv.o [3]
_Mbtowc                 0x08001233   0x1c  Code  Gb  xmbtowc.o [3]
_PrintfFull             0x080000c1  0x5f4  Code  Gb  xprintffull.o [3]
_Prout                  0x080024a9   0x16  Code  Gb  xprout.o [3]
_PutcharsFull           0x080011ff   0x30  Code  Lc  xprintffull.o [3]
_PutstrFull             0x080006b5  0x2f8  Code  Lc  xprintffull.o [3]
_TzoneStr               0x200000a0    0x4  Data  Gb  setlocale.o [3]
_Wctomb                 0x0800134d   0x18  Code  Gb  xwctomb.o [3]
__ICFEDIT_region_RAM_end__ {Abs}
                        0x20001fff          --   Gb  command line/config [2]
__ICFEDIT_region_RAM_start__ {Abs}
                        0x20000000          --   Gb  command line/config [2]
__aeabi_cdcmple         0x08001525         Code  Gb  DblCmpLe.o [4]
__aeabi_cdrcmple        0x08001557         Code  Gb  DblCmpGe.o [4]
__aeabi_d2iz            0x080016a5         Code  Gb  DblToI32.o [4]
__aeabi_d2uiz           0x080016c9         Code  Gb  DblToI32.o [4]
__aeabi_ddiv            0x08001ab7         Code  Gb  DblDiv.o [4]
__aeabi_dmul            0x08001933         Code  Gb  DblMul.o [4]
__aeabi_dsub            0x080017ef         Code  Gb  DblAddSub.o [4]
__aeabi_i2d             0x08001701         Code  Gb  I32ToDbl.o [4]
__aeabi_idiv            0x080018dd         Code  Gb  I32DivMod.o [5]
__aeabi_idiv0           0x08001c91         Code  Gb  IntDivZer.o [5]
__aeabi_idivmod         0x080018dd         Code  Gb  I32DivMod.o [5]
__aeabi_ldiv0           0x08001c8d         Code  Gb  I64DivZer.o [5]
__aeabi_memcpy          0x08001365         Code  Gb  ABImemcpy.o [5]
__aeabi_memcpy4         0x0800138d         Code  Gb  ABImemcpy.o [5]
__aeabi_memcpy8         0x0800138d         Code  Gb  ABImemcpy.o [5]
__aeabi_ui2d            0x08001715         Code  Gb  I32ToDbl.o [4]
__aeabi_uidiv           0x08001905         Code  Gb  I32DivMod.o [5]
__aeabi_uidivmod        0x08001905         Code  Gb  I32DivMod.o [5]
__aeabi_uldivmod        0x08001449         Code  Gb  I64DivMod.o [5]
__cmain                 0x08002465         Code  Gb  cmain.o [5]
__data_Aldata           0x20000184    0x8  Data  Gb  xxmemxmalloc.o [3]
__data_GetMemChunk      0x08001c65   0x28  Code  Gb  xgetmemchunk.o [3]
__exit                  0x08002495   0x14  Code  Gb  exit.o [6]
__iar_Dnorm             0x080014dd   0x48  Code  Gb  xdnorm.o [4]
__iar_Dscale            0x08001589  0x11c  Code  Gb  xdscale.o [4]
__iar_Locale_lconv_init
                        0x08001b79   0x32  Code  Gb  localeconv.o [3]
__iar_Mbcurmax          0x0800128b    0xa  Code  Gb  xmbcurmax.o [3]
__iar_Memchr            0x08001273   0x18  Code  Gb  memchr.o [5]
__iar_Stdout            0x20000050   0x40  Data  Gb  xfiles.o [3]
__iar_Strchr            0x0800124f   0x14  Code  Gb  strchr.o [5]
__iar_copy_init3        0x080023c1   0x30  Code  Gb  copy_init3.o [5]
__iar_d2uiz             0x080016cd         Code  Gb  DblToI32.o [4]
__iar_data_init3        0x08002419   0x28  Code  Gb  data_init3.o [5]
__iar_dlib_perthread_access
                        0x08001c93    0x2  Code  Gb  xtls.o [3]
__iar_program_start     0x080024e1         Code  Gb  cstartup_M.o [5]
__iar_ui2d              0x08001719         Code  Gb  I32ToDbl.o [4]
__iar_zero_init3        0x080014b3   0x2a  Code  Gb  zero_init3.o [5]
__low_level_init        0x0800247b    0x4  Code  Gb  low_level_init.o [3]
__vector_table          0x08000000         Data  Gb  startup_stm32f0xx.o [1]
_call_main              0x08002471         Code  Gb  cmain.o [5]
_exit                   0x08002489         Code  Gb  cexit.o [5]
_main                   0x08002477         Code  Gb  cmain.o [5]
div                     0x08001be1   0x20  Code  Gb  div.o [3]
exit                    0x0800247f    0x8  Code  Gb  exit.o [3]
fputc                   0x080022db   0x22  Code  Gb  main.o [1]
free                    0x080013c1   0x82  Code  Gb  xxmemxfree.o [3]
localeconv              0x08001bab   0x18  Code  Gb  localeconv.o [3]
main                    0x080021fd   0xde  Code  Gb  main.o [1]
malloc                  0x08001295   0xb2  Code  Gb  xxmemxmalloc.o [3]
obuf                    0x20000114   0x50  Data  Lc  xfiles.o [3]
printf                  0x08002319   0x24  Code  Gb  printf.o [3]
putchar                 0x080024c1   0x10  Code  Gb  putchar.o [3]
strlen                  0x08001263   0x10  Code  Gb  strlen.o [5]


[1] = D:\Development\STM32F0_Projects\Project\USART_Example\EWARM\STM320518-EVAL\Obj
[2] = command line
[3] = dl6M_tlf.a
[4] = m6M_tl.a
[5] = rt6M_tl.a
[6] = shb_l.a

  9 292 bytes of readonly  code memory
    368 bytes of readonly  data memory
  1 936 bytes of readwrite data memory

Errors: none
Warnings: none
