###############################################################################
#                                                                             #
# IAR ELF Linker V6.40.4.54170/W32 for ARM              19/Nov/2012  13:50:15 #
# Copyright 2007-2012 IAR Systems AB.                                         #
#                                                                             #
#    Output file  =  D:\GitDevelopment\STM32F0_Projects\Project\USART_Example #
#                    \EWARM\STM320518-EVAL\Exe\STM32F0508-EVAL.out            #
#    Map file     =  D:\GitDevelopment\STM32F0_Projects\Project\USART_Example #
#                    \EWARM\STM320518-EVAL\List\STM32F0508-EVAL.map           #
#    Command line =  D:\GitDevelopment\STM32F0_Projects\Project\USART_Example #
#                    \EWARM\STM320518-EVAL\Obj\main.o                         #
#                    D:\GitDevelopment\STM32F0_Projects\Project\USART_Example #
#                    \EWARM\STM320518-EVAL\Obj\startup_stm32f0xx.o            #
#                    D:\GitDevelopment\STM32F0_Projects\Project\USART_Example #
#                    \EWARM\STM320518-EVAL\Obj\stm32f0xx_adc.o                #
#                    D:\GitDevelopment\STM32F0_Projects\Project\USART_Example #
#                    \EWARM\STM320518-EVAL\Obj\stm32f0xx_cec.o                #
#                    D:\GitDevelopment\STM32F0_Projects\Project\USART_Example #
#                    \EWARM\STM320518-EVAL\Obj\stm32f0xx_comp.o               #
#                    D:\GitDevelopment\STM32F0_Projects\Project\USART_Example #
#                    \EWARM\STM320518-EVAL\Obj\stm32f0xx_crc.o                #
#                    D:\GitDevelopment\STM32F0_Projects\Project\USART_Example #
#                    \EWARM\STM320518-EVAL\Obj\stm32f0xx_dac.o                #
#                    D:\GitDevelopment\STM32F0_Projects\Project\USART_Example #
#                    \EWARM\STM320518-EVAL\Obj\stm32f0xx_dbgmcu.o             #
#                    D:\GitDevelopment\STM32F0_Projects\Project\USART_Example #
#                    \EWARM\STM320518-EVAL\Obj\stm32f0xx_dma.o                #
#                    D:\GitDevelopment\STM32F0_Projects\Project\USART_Example #
#                    \EWARM\STM320518-EVAL\Obj\stm32f0xx_exti.o               #
#                    D:\GitDevelopment\STM32F0_Projects\Project\USART_Example #
#                    \EWARM\STM320518-EVAL\Obj\stm32f0xx_flash.o              #
#                    D:\GitDevelopment\STM32F0_Projects\Project\USART_Example #
#                    \EWARM\STM320518-EVAL\Obj\stm32f0xx_gpio.o               #
#                    D:\GitDevelopment\STM32F0_Projects\Project\USART_Example #
#                    \EWARM\STM320518-EVAL\Obj\stm32f0xx_i2c.o                #
#                    D:\GitDevelopment\STM32F0_Projects\Project\USART_Example #
#                    \EWARM\STM320518-EVAL\Obj\stm32f0xx_it.o                 #
#                    D:\GitDevelopment\STM32F0_Projects\Project\USART_Example #
#                    \EWARM\STM320518-EVAL\Obj\stm32f0xx_iwdg.o               #
#                    D:\GitDevelopment\STM32F0_Projects\Project\USART_Example #
#                    \EWARM\STM320518-EVAL\Obj\stm32f0xx_misc.o               #
#                    D:\GitDevelopment\STM32F0_Projects\Project\USART_Example #
#                    \EWARM\STM320518-EVAL\Obj\stm32f0xx_pwr.o                #
#                    D:\GitDevelopment\STM32F0_Projects\Project\USART_Example #
#                    \EWARM\STM320518-EVAL\Obj\stm32f0xx_rcc.o                #
#                    D:\GitDevelopment\STM32F0_Projects\Project\USART_Example #
#                    \EWARM\STM320518-EVAL\Obj\stm32f0xx_rtc.o                #
#                    D:\GitDevelopment\STM32F0_Projects\Project\USART_Example #
#                    \EWARM\STM320518-EVAL\Obj\stm32f0xx_spi.o                #
#                    D:\GitDevelopment\STM32F0_Projects\Project\USART_Example #
#                    \EWARM\STM320518-EVAL\Obj\stm32f0xx_syscfg.o             #
#                    D:\GitDevelopment\STM32F0_Projects\Project\USART_Example #
#                    \EWARM\STM320518-EVAL\Obj\stm32f0xx_tim.o                #
#                    D:\GitDevelopment\STM32F0_Projects\Project\USART_Example #
#                    \EWARM\STM320518-EVAL\Obj\stm32f0xx_usart.o              #
#                    D:\GitDevelopment\STM32F0_Projects\Project\USART_Example #
#                    \EWARM\STM320518-EVAL\Obj\stm32f0xx_wwdg.o               #
#                    D:\GitDevelopment\STM32F0_Projects\Project\USART_Example #
#                    \EWARM\STM320518-EVAL\Obj\system_stm32f0xx.o             #
#                    D:\GitDevelopment\STM32F0_Projects\Project\USART_Example #
#                    \EWARM\STM320518-EVAL\Obj\usart_utils.o --redirect       #
#                    _Printf=_PrintfFull --redirect _Scanf=_ScanfFull -o      #
#                    D:\GitDevelopment\STM32F0_Projects\Project\USART_Example #
#                    \EWARM\STM320518-EVAL\Exe\STM32F0508-EVAL.out --map      #
#                    D:\GitDevelopment\STM32F0_Projects\Project\USART_Example #
#                    \EWARM\STM320518-EVAL\List\STM32F0508-EVAL.map --config  #
#                    D:\GitDevelopment\STM32F0_Projects\Project\USART_Example #
#                    \EWARM\stm32f0xx_flash.icf --semihosting --entry         #
#                    __iar_program_start --vfe                                #
#                                                                             #
#                                                                             #
###############################################################################

*******************************************************************************
*** RUNTIME MODEL ATTRIBUTES
***

CppFlavor                     = *
__Heap_Handler                = Basic
__SystemLibrary               = DLib
__dlib_dynamic_initialization = normal


*******************************************************************************
*** PLACEMENT SUMMARY
***

"A1":  place at 0x08000000 { ro section .intvec };
"P1":  place in [from 0x08000000 to 0x0800ffff] { ro };
"P2":  place in [from 0x20000000 to 0x20001fff] { rw, block CSTACK, block HEAP };

  Section             Kind        Address    Size  Object
  -------             ----        -------    ----  ------
"A1":                                        0xc0
  .intvec             ro code  0x08000000    0xc0  startup_stm32f0xx.o [1]
                             - 0x080000c0    0xc0

"P1":                                      0x2890
  .text               ro code  0x080000c0  0x1172  xprintffull.o [3]
  .text               ro code  0x08001232    0x1c  xmbtowc.o [3]
  .text               ro code  0x0800124e    0x14  strchr.o [5]
  .text               ro code  0x08001262    0x10  strlen.o [5]
  .text               ro code  0x08001272    0x18  memchr.o [5]
  .text               ro code  0x0800128a     0xa  xmbcurmax.o [3]
  .text               ro code  0x08001294    0xb8  xxmemxmalloc.o [3]
  .text               ro code  0x0800134c    0x18  xwctomb.o [3]
  .text               ro code  0x08001364    0x5c  ABImemcpy.o [5]
  .text               ro code  0x080013c0    0x88  xxmemxfree.o [3]
  .text               ro code  0x08001448    0x6a  I64DivMod.o [5]
  .text               ro code  0x080014b2    0x2a  zero_init3.o [5]
  .text               ro code  0x080014dc    0x48  xdnorm.o [4]
  .text               ro code  0x08001524    0x32  DblCmpLe.o [4]
  .text               ro code  0x08001556    0x32  DblCmpGe.o [4]
  .text               ro code  0x08001588   0x11c  xdscale.o [4]
  .text               ro code  0x080016a4    0x52  DblToI32.o [4]
  .text               ro code  0x080016f6     0x2  startup_stm32f0xx.o [1]
  .text               ro code  0x080016f8    0x34  I32ToDbl.o [4]
  .text               ro code  0x0800172c   0x1a8  DblAddSub.o [4]
  .text               ro code  0x080018d4    0x56  I32DivMod.o [5]
  .text               ro code  0x0800192a   0x184  DblMul.o [4]
  .text               ro code  0x08001aae    0xc2  DblDiv.o [4]
  .text               ro code  0x08001b70    0x68  localeconv.o [3]
  .text               ro code  0x08001bd8    0x20  div.o [3]
  .text               ro code  0x08001bf8    0x14  setlocale.o [3]
  .text               ro code  0x08001c0c    0x50  xencoding_sb.o [3]
  .text               ro code  0x08001c5c    0x28  xgetmemchunk.o [3]
  .text               ro code  0x08001c84     0x2  I64DivZer.o [5]
  .text               ro code  0x08001c86     0x2  startup_stm32f0xx.o [1]
  .text               ro code  0x08001c88     0x2  IntDivZer.o [5]
  .text               ro code  0x08001c8a     0x2  xtls.o [3]
  .text               ro code  0x08001c8c   0x1f2  stm32f0xx_usart.o [1]
  .text               ro code  0x08001e7e     0x2  startup_stm32f0xx.o [1]
  .text               ro code  0x08001e80   0x1b0  stm32f0xx_rcc.o [1]
  .text               ro code  0x08002030   0x15c  system_stm32f0xx.o [1]
  .text               ro code  0x0800218c   0x15c  usart_utils.o [1]
  .text               ro code  0x080022e8   0x12e  stm32f0xx_gpio.o [1]
  .text               ro code  0x08002416     0x2  startup_stm32f0xx.o [1]
  .text               ro code  0x08002418    0x78  stm32f0xx_misc.o [1]
  .text               ro code  0x08002490    0x64  stm32f0xx_syscfg.o [1]
  .text               ro code  0x080024f4    0xd4  stm32f0xx_exti.o [1]
  .text               ro code  0x080025c8    0xb0  stm32f0xx_it.o [1]
  .text               ro code  0x08002678    0x24  printf.o [3]
  .text               ro code  0x0800269c    0x90  main.o [1]
  .text               ro code  0x0800272c    0x30  copy_init3.o [5]
  .rodata             const    0x0800275c    0x28  xprintffull.o [3]
  .text               ro code  0x08002784    0x28  data_init3.o [5]
  .iar.init_table     const    0x080027ac    0x24  - Linker created -
  .rodata             const    0x080027d0    0x1c  main.o [1]
  .text               ro code  0x080027ec    0x16  cmain.o [5]
  .text               ro code  0x08002802     0x4  low_level_init.o [3]
  .text               ro code  0x08002806     0x8  exit.o [3]
  .text               ro code  0x0800280e     0x2  startup_stm32f0xx.o [1]
  .text               ro code  0x08002810     0xa  cexit.o [5]
  .text               ro code  0x0800281a     0x2  startup_stm32f0xx.o [1]
  .text               ro code  0x0800281c    0x14  exit.o [6]
  .text               ro code  0x08002830    0x16  xprout.o [3]
  .text               ro code  0x08002846     0x2  startup_stm32f0xx.o [1]
  .text               ro code  0x08002848    0x10  putchar.o [3]
  .rodata             const    0x08002858    0x14  stm32f0xx_it.o [1]
  .text               ro code  0x0800286c    0x10  startup_stm32f0xx.o [1]
  .text               ro code  0x0800287c     0xc  cstartup_M.o [5]
  .text               ro code  0x08002888     0x2  startup_stm32f0xx.o [1]
  .text               ro code  0x0800288a     0x2  startup_stm32f0xx.o [1]
  .text               ro code  0x0800288c     0x2  startup_stm32f0xx.o [1]
  .text               ro code  0x0800288e     0x2  startup_stm32f0xx.o [1]
  .text               ro code  0x08002890     0x2  startup_stm32f0xx.o [1]
  .text               ro code  0x08002892     0x2  startup_stm32f0xx.o [1]
  .text               ro code  0x08002894     0x2  startup_stm32f0xx.o [1]
  .text               ro code  0x08002896     0x2  startup_stm32f0xx.o [1]
  .text               ro code  0x08002898     0x2  startup_stm32f0xx.o [1]
  .text               ro code  0x0800289a     0x2  startup_stm32f0xx.o [1]
  .text               ro code  0x0800289c     0x2  startup_stm32f0xx.o [1]
  .text               ro code  0x0800289e     0x2  startup_stm32f0xx.o [1]
  .text               ro code  0x080028a0     0x2  startup_stm32f0xx.o [1]
  .text               ro code  0x080028a2     0x2  startup_stm32f0xx.o [1]
  .text               ro code  0x080028a4     0x2  startup_stm32f0xx.o [1]
  .text               ro code  0x080028a6     0x2  startup_stm32f0xx.o [1]
  .text               ro code  0x080028a8     0x2  startup_stm32f0xx.o [1]
  .text               ro code  0x080028aa     0x2  startup_stm32f0xx.o [1]
  .text               ro code  0x080028ac     0x2  startup_stm32f0xx.o [1]
  .text               ro code  0x080028ae     0x2  startup_stm32f0xx.o [1]
  .rodata             const    0x080028b0     0x0  zero_init3.o [5]
  .rodata             const    0x080028b0     0x0  copy_init3.o [5]
  Initializer bytes   ro data  0x080028b0    0xa0  <for P2 s0>
                             - 0x08002950  0x2890

"P2", part 1 of 3:                           0xa0
  P2 s0                        0x20000000    0xa0  <Init block>
    __DLIB_PERTHREAD  inited   0x20000000    0x50  localeconv.o [3]
    .data             inited   0x20000050    0x40  xfiles.o [3]
    .data             inited   0x20000090    0x10  stm32f0xx_rcc.o [1]
                             - 0x200000a0    0xa0

"P2", part 2 of 3:                          0x100
  __DLIB_PERTHREAD    zero     0x200000a0    0x74  setlocale.o [3]
  .bss                zero     0x20000114    0x50  xfiles.o [3]
  .bss                zero     0x20000164    0x18  usart_utils.o [1]
  .bss                zero     0x2000017c     0x8  usart_utils.o [1]
  .bss                zero     0x20000184     0x8  usart_utils.o [1]
  .bss                zero     0x2000018c     0x8  xxmemxmalloc.o [3]
  .bss                zero     0x20000194     0x4  usart_utils.o [1]
  .bss                zero     0x20000198     0x4  xgetmemchunk.o [3]
                             - 0x2000019c    0xfc

"P2", part 3 of 3:                          0x600
  CSTACK                       0x200001a0   0x400  <Block>
    CSTACK            uninit   0x200001a0   0x400  <Block tail>
  HEAP                         0x200005a0   0x200  <Block>
    HEAP              uninit   0x200005a0   0x200  <Block tail>
                             - 0x200007a0   0x600


*******************************************************************************
*** INIT TABLE
***

          Address     Size
          -------     ----
Zero (__iar_zero_init3)
    1 destination range, total size 0xfc:
          0x200000a0  0xfc

Copy (__iar_copy_init3)
    1 source range, total size 0xa0:
          0x080028b0  0xa0
    1 destination range, total size 0xa0:
          0x20000000  0xa0



*******************************************************************************
*** MODULE SUMMARY
***

    Module               ro code  ro data  rw data
    ------               -------  -------  -------
D:\GitDevelopment\STM32F0_Projects\Project\USART_Example\EWARM\STM320518-EVAL\Obj: [1]
    main.o                   144       28
    startup_stm32f0xx.o      262
    stm32f0xx_exti.o         212
    stm32f0xx_gpio.o         302
    stm32f0xx_it.o           176       20
    stm32f0xx_misc.o         120
    stm32f0xx_rcc.o          432       16       16
    stm32f0xx_syscfg.o       100
    stm32f0xx_usart.o        498
    system_stm32f0xx.o       348
    usart_utils.o            348                44
    ----------------------------------------------
    Total:                 2 942       64       60

command line: [2]
    ----------------------------------------------
    Total:

dl6M_tlf.a: [3]
    div.o                     32
    exit.o                     8
    localeconv.o             104       80       80
    low_level_init.o           4
    printf.o                  36
    putchar.o                 16
    setlocale.o               20               116
    xencoding_sb.o            80
    xfiles.o                           64      144
    xgetmemchunk.o            40                 4
    xmbcurmax.o               10
    xmbtowc.o                 28
    xprintffull.o          4 466       40
    xprout.o                  22
    xtls.o                     2
    xwctomb.o                 24
    xxmemxfree.o             136
    xxmemxmalloc.o           184                 8
    ----------------------------------------------
    Total:                 5 212      184      352

m6M_tl.a: [4]
    DblAddSub.o              424
    DblCmpGe.o                50
    DblCmpLe.o                50
    DblDiv.o                 194
    DblMul.o                 388
    DblToI32.o                82
    I32ToDbl.o                52
    xdnorm.o                  72
    xdscale.o                284
    ----------------------------------------------
    Total:                 1 596

rt6M_tl.a: [5]
    ABImemcpy.o               92
    I32DivMod.o               86
    I64DivMod.o              106
    I64DivZer.o                2
    IntDivZer.o                2
    cexit.o                   10
    cmain.o                   22
    copy_init3.o              48
    cstartup_M.o              12
    data_init3.o              40
    memchr.o                  24
    strchr.o                  20
    strlen.o                  16
    zero_init3.o              42
    ----------------------------------------------
    Total:                   522

shb_l.a: [6]
    exit.o                    20
    ----------------------------------------------
    Total:                    20

    Linker created                     36    1 536
--------------------------------------------------
    Grand Total:          10 292      284    1 948


*******************************************************************************
*** ENTRY LIST
***

Entry                      Address   Size  Type      Object
-----                      -------   ----  ----      ------
?main                   0x080027ed         Code  Gb  cmain.o [5]
ADC1_COMP_IRQHandler    0x08002891         Code  Wk  startup_stm32f0xx.o [1]
APBAHBPrescTable        0x20000090   0x10  Data  Lc  stm32f0xx_rcc.o [1]
CEC_IRQHandler          0x080028af         Code  Wk  startup_stm32f0xx.o [1]
CSTACK$$Base            0x200001a0          --   Gb  - Linker created -
CSTACK$$Limit           0x200005a0          --   Gb  - Linker created -
DMA1_Channel1_IRQHandler
                        0x0800288b         Code  Wk  startup_stm32f0xx.o [1]
DMA1_Channel2_3_IRQHandler
                        0x0800288d         Code  Wk  startup_stm32f0xx.o [1]
DMA1_Channel4_5_IRQHandler
                        0x0800288f         Code  Wk  startup_stm32f0xx.o [1]
EXTI0_1_IRQHandler      0x080025d3   0x34  Code  Gb  stm32f0xx_it.o [1]
EXTI2_3_IRQHandler      0x0800281b         Code  Wk  startup_stm32f0xx.o [1]
EXTI4_15_IRQHandler     0x08002847         Code  Wk  startup_stm32f0xx.o [1]
EXTI_ClearITPendingBit  0x080025ab    0x6  Code  Gb  stm32f0xx_exti.o [1]
EXTI_GetITStatus        0x0800257f   0x2c  Code  Gb  stm32f0xx_exti.o [1]
EXTI_Init               0x080024f5   0x8a  Code  Gb  stm32f0xx_exti.o [1]
EXTI_InitStructure      0x20000184    0x8  Data  Gb  usart_utils.o [1]
FLASH_IRQHandler        0x08002417         Code  Wk  startup_stm32f0xx.o [1]
GPIO_Init               0x080022e9   0xbe  Code  Gb  stm32f0xx_gpio.o [1]
GPIO_InitStructure      0x2000017c    0x8  Data  Gb  usart_utils.o [1]
GPIO_PinAFConfig        0x080023a7   0x70  Code  Gb  stm32f0xx_gpio.o [1]
HEAP$$Base              0x200005a0          --   Gb  - Linker created -
HEAP$$Limit             0x200007a0          --   Gb  - Linker created -
HardFault_Handler       0x080025cb    0x2  Code  Gb  stm32f0xx_it.o [1]
I2C1_IRQHandler         0x080028a5         Code  Wk  startup_stm32f0xx.o [1]
I2C2_IRQHandler         0x080028a7         Code  Wk  startup_stm32f0xx.o [1]
NMI_Handler             0x080025c9    0x2  Code  Gb  stm32f0xx_it.o [1]
NVIC_Init               0x08002419   0x6a  Code  Gb  stm32f0xx_misc.o [1]
NVIC_InitStructure      0x20000194    0x4  Data  Gb  usart_utils.o [1]
PVD_IRQHandler          0x08001c87         Code  Wk  startup_stm32f0xx.o [1]
PendSV_Handler          0x080025cf    0x2  Code  Gb  stm32f0xx_it.o [1]
RCC_AHBPeriphClockCmd   0x08001fc7   0x20  Code  Gb  stm32f0xx_rcc.o [1]
RCC_APB2PeriphClockCmd  0x08001fe7   0x20  Code  Gb  stm32f0xx_rcc.o [1]
RCC_GetClocksFreq       0x08001e81  0x146  Code  Gb  stm32f0xx_rcc.o [1]
RCC_IRQHandler          0x0800280f         Code  Wk  startup_stm32f0xx.o [1]
RTC_IRQHandler          0x08001e7f         Code  Wk  startup_stm32f0xx.o [1]
Region$$Table$$Base     0x080027ac          --   Gb  - Linker created -
Region$$Table$$Limit    0x080027d0          --   Gb  - Linker created -
Reset_Handler           0x0800286d         Code  Wk  startup_stm32f0xx.o [1]
SPI1_IRQHandler         0x080028a9         Code  Wk  startup_stm32f0xx.o [1]
SPI2_IRQHandler         0x080028ab         Code  Wk  startup_stm32f0xx.o [1]
SVC_Handler             0x080025cd    0x2  Code  Gb  stm32f0xx_it.o [1]
SYSCFG_EXTILineConfig   0x08002491   0x60  Code  Gb  stm32f0xx_syscfg.o [1]
SetSysClock             0x0800209f   0xbe  Code  Lc  system_stm32f0xx.o [1]
SysTick_Handler         0x080025d1    0x2  Code  Gb  stm32f0xx_it.o [1]
SystemInit              0x08002031   0x6e  Code  Gb  system_stm32f0xx.o [1]
TIM14_IRQHandler        0x0800289d         Code  Wk  startup_stm32f0xx.o [1]
TIM15_IRQHandler        0x0800289f         Code  Wk  startup_stm32f0xx.o [1]
TIM16_IRQHandler        0x080028a1         Code  Wk  startup_stm32f0xx.o [1]
TIM17_IRQHandler        0x080028a3         Code  Wk  startup_stm32f0xx.o [1]
TIM1_BRK_UP_TRG_COM_IRQHandler
                        0x08002893         Code  Wk  startup_stm32f0xx.o [1]
TIM1_CC_IRQHandler      0x08002895         Code  Wk  startup_stm32f0xx.o [1]
TIM2_IRQHandler         0x08002897         Code  Wk  startup_stm32f0xx.o [1]
TIM3_IRQHandler         0x08002899         Code  Wk  startup_stm32f0xx.o [1]
TIM6_DAC_IRQHandler     0x0800289b         Code  Wk  startup_stm32f0xx.o [1]
TS_IRQHandler           0x08002889         Code  Wk  startup_stm32f0xx.o [1]
USART1_IRQHandler       0x08002607   0x54  Code  Gb  stm32f0xx_it.o [1]
USART2_IRQHandler       0x080028ad         Code  Wk  startup_stm32f0xx.o [1]
USART_ClearITPendingBit
                        0x08001e67   0x18  Code  Gb  stm32f0xx_usart.o [1]
USART_Cmd               0x08001d5b   0x1c  Code  Gb  stm32f0xx_usart.o [1]
USART_GetFlagStatus     0x08001de1   0x1c  Code  Gb  stm32f0xx_usart.o [1]
USART_GetITStatus       0x08001dfd   0x6a  Code  Gb  stm32f0xx_usart.o [1]
USART_ITConfig          0x08001d9d   0x44  Code  Gb  stm32f0xx_usart.o [1]
USART_Init              0x08001c8d   0xce  Code  Gb  stm32f0xx_usart.o [1]
USART_InitStructure     0x20000164   0x18  Data  Gb  usart_utils.o [1]
USART_ReceiveData       0x08001d85    0x8  Code  Gb  stm32f0xx_usart.o [1]
USART_SendData          0x08001d7d    0x8  Code  Gb  stm32f0xx_usart.o [1]
WWDG_IRQHandler         0x080016f7         Code  Wk  startup_stm32f0xx.o [1]
_EncodingSb_Mbtowc      0x08001c21   0x2c  Code  Gb  xencoding_sb.o [3]
_EncodingSb_Wctomb      0x08001c0d   0x14  Code  Gb  xencoding_sb.o [3]
_GenldFull              0x08000f89  0x276  Code  Lc  xprintffull.o [3]
_IsdstStr               0x200000a4    0x4  Data  Gb  setlocale.o [3]
_LdtobFull              0x08000ad9  0x49a  Code  Lc  xprintffull.o [3]
_LitobFull              0x080009b1  0x124  Code  Lc  xprintffull.o [3]
_LocaleEncoding         0x08001bf9    0xe  Code  Gb  setlocale.o [3]
_LocaleReturnString     0x200000c4   0x50  Data  Lc  setlocale.o [3]
_Locale_Profile         0x200000a8   0x1c  Data  Gb  setlocale.o [3]
_Locale_lconv           0x20000000   0x50  Data  Gb  localeconv.o [3]
_Mbtowc                 0x08001233   0x1c  Code  Gb  xmbtowc.o [3]
_PrintfFull             0x080000c1  0x5f4  Code  Gb  xprintffull.o [3]
_Prout                  0x08002831   0x16  Code  Gb  xprout.o [3]
_PutcharsFull           0x080011ff   0x30  Code  Lc  xprintffull.o [3]
_PutstrFull             0x080006b5  0x2f8  Code  Lc  xprintffull.o [3]
_TzoneStr               0x200000a0    0x4  Data  Gb  setlocale.o [3]
_Wctomb                 0x0800134d   0x18  Code  Gb  xwctomb.o [3]
__ICFEDIT_region_RAM_end__ {Abs}
                        0x20001fff          --   Gb  command line/config [2]
__ICFEDIT_region_RAM_start__ {Abs}
                        0x20000000          --   Gb  command line/config [2]
__aeabi_cdcmple         0x08001525         Code  Gb  DblCmpLe.o [4]
__aeabi_cdrcmple        0x08001557         Code  Gb  DblCmpGe.o [4]
__aeabi_d2iz            0x080016a5         Code  Gb  DblToI32.o [4]
__aeabi_d2uiz           0x080016c9         Code  Gb  DblToI32.o [4]
__aeabi_ddiv            0x08001aaf         Code  Gb  DblDiv.o [4]
__aeabi_dmul            0x0800192b         Code  Gb  DblMul.o [4]
__aeabi_dsub            0x080017e7         Code  Gb  DblAddSub.o [4]
__aeabi_i2d             0x080016f9         Code  Gb  I32ToDbl.o [4]
__aeabi_idiv            0x080018d5         Code  Gb  I32DivMod.o [5]
__aeabi_idiv0           0x08001c89         Code  Gb  IntDivZer.o [5]
__aeabi_idivmod         0x080018d5         Code  Gb  I32DivMod.o [5]
__aeabi_ldiv0           0x08001c85         Code  Gb  I64DivZer.o [5]
__aeabi_memcpy          0x08001365         Code  Gb  ABImemcpy.o [5]
__aeabi_memcpy4         0x0800138d         Code  Gb  ABImemcpy.o [5]
__aeabi_memcpy8         0x0800138d         Code  Gb  ABImemcpy.o [5]
__aeabi_ui2d            0x0800170d         Code  Gb  I32ToDbl.o [4]
__aeabi_uidiv           0x080018fd         Code  Gb  I32DivMod.o [5]
__aeabi_uidivmod        0x080018fd         Code  Gb  I32DivMod.o [5]
__aeabi_uldivmod        0x08001449         Code  Gb  I64DivMod.o [5]
__cmain                 0x080027ed         Code  Gb  cmain.o [5]
__data_Aldata           0x2000018c    0x8  Data  Gb  xxmemxmalloc.o [3]
__data_GetMemChunk      0x08001c5d   0x28  Code  Gb  xgetmemchunk.o [3]
__exit                  0x0800281d   0x14  Code  Gb  exit.o [6]
__iar_Dnorm             0x080014dd   0x48  Code  Gb  xdnorm.o [4]
__iar_Dscale            0x08001589  0x11c  Code  Gb  xdscale.o [4]
__iar_Locale_lconv_init
                        0x08001b71   0x32  Code  Gb  localeconv.o [3]
__iar_Mbcurmax          0x0800128b    0xa  Code  Gb  xmbcurmax.o [3]
__iar_Memchr            0x08001273   0x18  Code  Gb  memchr.o [5]
__iar_Stdout            0x20000050   0x40  Data  Gb  xfiles.o [3]
__iar_Strchr            0x0800124f   0x14  Code  Gb  strchr.o [5]
__iar_copy_init3        0x0800272d   0x30  Code  Gb  copy_init3.o [5]
__iar_d2uiz             0x080016cd         Code  Gb  DblToI32.o [4]
__iar_data_init3        0x08002785   0x28  Code  Gb  data_init3.o [5]
__iar_dlib_perthread_access
                        0x08001c8b    0x2  Code  Gb  xtls.o [3]
__iar_program_start     0x0800287d         Code  Gb  cstartup_M.o [5]
__iar_ui2d              0x08001711         Code  Gb  I32ToDbl.o [4]
__iar_zero_init3        0x080014b3   0x2a  Code  Gb  zero_init3.o [5]
__low_level_init        0x08002803    0x4  Code  Gb  low_level_init.o [3]
__vector_table          0x08000000         Data  Gb  startup_stm32f0xx.o [1]
_call_main              0x080027f9         Code  Gb  cmain.o [5]
_exit                   0x08002811         Code  Gb  cexit.o [5]
_main                   0x080027ff         Code  Gb  cmain.o [5]
div                     0x08001bd9   0x20  Code  Gb  div.o [3]
exit                    0x08002807    0x8  Code  Gb  exit.o [3]
fputc                   0x080026f7   0x22  Code  Gb  main.o [1]
free                    0x080013c1   0x82  Code  Gb  xxmemxfree.o [3]
localeconv              0x08001ba3   0x18  Code  Gb  localeconv.o [3]
main                    0x0800269d   0x5a  Code  Gb  main.o [1]
malloc                  0x08001295   0xb2  Code  Gb  xxmemxmalloc.o [3]
obuf                    0x20000114   0x50  Data  Lc  xfiles.o [3]
others_configure        0x08002247   0x86  Code  Gb  usart_utils.o [1]
printf                  0x08002679   0x24  Code  Gb  printf.o [3]
putchar                 0x08002849   0x10  Code  Gb  putchar.o [3]
strlen                  0x08001263   0x10  Code  Gb  strlen.o [5]
usart1_configure        0x0800218d   0xba  Code  Gb  usart_utils.o [1]


[1] = D:\GitDevelopment\STM32F0_Projects\Project\USART_Example\EWARM\STM320518-EVAL\Obj
[2] = command line
[3] = dl6M_tlf.a
[4] = m6M_tl.a
[5] = rt6M_tl.a
[6] = shb_l.a

  10 292 bytes of readonly  code memory
     284 bytes of readonly  data memory
   1 948 bytes of readwrite data memory

Errors: none
Warnings: none
